404 Error: http://localhost:3000/all-categories-2 - 2024-06-29T06:45:46.438Z
404 Error: http://localhost:3000/all-categories-2 - 2024-06-29T06:45:46.440Z
404 Error: http://localhost:3000/all-categories-2 - 2024-06-29T06:46:28.208Z
404 Error: http://localhost:3000/all-categories-2 - 2024-06-29T06:46:28.210Z
404 Error: http://localhost:3000/all-categories-2 - 2024-06-29T06:46:31.509Z
404 Error: http://localhost:3000/all-categories-2 - 2024-06-29T06:46:31.510Z
404 Error: http://localhost:3000/all-categories-2 - 2024-06-29T06:49:43.438Z
404 Error: http://localhost:3000/all-categories-2 - 2024-06-29T06:49:43.444Z
404 Error: http://localhost:3000/all-categories-2 - 2024-06-29T06:51:34.814Z
404 Error: http://localhost:3000/all-categories-2 - 2024-06-29T06:51:34.816Z
404 Error: http://localhost:3000/all-categories-2 - 2024-06-29T06:51:42.316Z
404 Error: http://localhost:3000/all-categories-2 - 2024-06-29T06:51:42.317Z
404 Error: http://localhost:3000/404?url=http%3A%2F%2Flocalhost%3A3000%2Fcommunity%2Flifestream-at-north-phoenix67 - 2024-06-29T06:54:40.476Z
404 Error: http://localhost:3000/404?url=http%3A%2F%2Flocalhost%3A3000%2Fcommunity%2Flifestream-at-north-phoenix67 - 2024-06-29T06:54:40.477Z
404 Error: http://localhost:3000/404?url=http%3A%2F%2Flocalhost%3A3000%2Fcommunity%2Flifestream-at-north-phoenix67 - 2024-06-29T06:56:32.320Z
404 Error: http://localhost:3000/404?url=http%3A%2F%2Flocalhost%3A3000%2Fcommunity%2Flifestream-at-north-phoenix67 - 2024-06-29T06:56:32.321Z
404 Error: http://localhost:3000/404?url=http%3A%2F%2Flocalhost%3A3000%2Fcommunity%2Flifestream-at-north-phoenix67 - 2024-06-29T06:56:57.108Z
404 Error: http://localhost:3000/404?url=http%3A%2F%2Flocalhost%3A3000%2Fcommunity%2Flifestream-at-north-phoenix67 - 2024-06-29T06:56:57.124Z
404 Error: http://localhost:3000/all-categories-2 - 2024-06-29T06:57:05.456Z
404 Error: http://localhost:3000/all-categories-2 - 2024-06-29T06:57:05.457Z
404 Error: http://localhost:3000/404?url=http%3A%2F%2Flocalhost%3A3000%2Fcommunity%2Flifestream-at-north-phoenix67 - 2024-06-29T06:57:07.568Z
404 Error: http://localhost:3000/404?url=http%3A%2F%2Flocalhost%3A3000%2Fcommunity%2Flifestream-at-north-phoenix67 - 2024-06-29T06:57:07.568Z
404 Error: http://localhost:3000/404?url=http%3A%2F%2Flocalhost%3A3000%2Fcommunity%2Flifestream-at-north-phoenix67 - 2024-06-29T06:59:31.104Z
404 Error: http://localhost:3000/404?url=http%3A%2F%2Flocalhost%3A3000%2Fcommunity%2Flifestream-at-north-phoenix67 - 2024-06-29T06:59:31.105Z
404 Error: http://localhost:3000/404?url=http%3A%2F%2Flocalhost%3A3000%2Fcommunity%2Flifestream-at-north-phoenix67 - 2024-06-29T07:00:27.287Z
404 Error: http://localhost:3000/404?url=http%3A%2F%2Flocalhost%3A3000%2Fcommunity%2Flifestream-at-north-phoenix67 - 2024-06-29T07:00:27.289Z
404 Error: http://localhost:3000/404?url=http%3A%2F%2Flocalhost%3A3000%2Fcommunity%2Flifestream-at-north-phoenix67 - 2024-06-29T07:00:57.454Z
404 Error: http://localhost:3000/404?url=http%3A%2F%2Flocalhost%3A3000%2Fcommunity%2Flifestream-at-north-phoenix67 - 2024-06-29T07:00:57.452Z
404 Error: http://localhost:3000/all-categories-2 - 2024-06-29T07:18:09.429Z
404 Error: http://localhost:3000/all-categories-2 - 2024-06-29T07:18:09.432Z
404 Error: http://localhost:3000/404?url=http%3A%2F%2Flocalhost%3A3000%2Fcommunity%2Flifestream-at-north-phoenix67 - 2024-07-19T13:25:40.019Z
404 Error: http://localhost:3000/404?url=http%3A%2F%2Flocalhost%3A3000%2Fcommunity%2Flifestream-at-north-phoenix67 - 2024-07-19T13:25:40.025Z
404 Error: http://localhost:3000/404?url=http%3A%2F%2Flocalhost%3A3000%2Fcommunity%2Flifestream-at-north-phoenix - 2024-07-19T13:26:39.244Z
404 Error: http://localhost:3000/404?url=http%3A%2F%2Flocalhost%3A3000%2Fcommunity%2Flifestream-at-north-phoenix - 2024-07-19T13:26:39.244Z
404 Error: http://localhost:3000/signin - 2024-07-27T13:58:06.315Z
404 Error: http://localhost:3000/signin - 2024-07-27T13:58:06.428Z
404 Error: http://localhost:3000/sign-up - 2024-07-27T13:59:57.480Z
404 Error: http://localhost:3000/sign-up - 2024-07-27T13:59:57.481Z
404 Error: http://localhost:3000/sign-up - 2024-07-27T14:00:02.028Z
404 Error: http://localhost:3000/sign-up - 2024-07-27T14:00:02.029Z
404 Error: http://localhost:3000/sign-up - 2024-07-27T14:00:03.065Z
404 Error: http://localhost:3000/sign-up - 2024-07-27T14:00:03.065Z
404 Error: http://localhost:3000/login - 2024-07-27T14:00:46.008Z
404 Error: http://localhost:3000/login - 2024-07-27T14:00:46.009Z
404 Error: http://localhost:3000/register - 2024-07-27T14:00:50.434Z
404 Error: http://localhost:3000/register - 2024-07-27T14:00:50.434Z
404 Error: http://localhost:3000/register - 2024-07-27T14:01:34.513Z
404 Error: http://localhost:3000/register - 2024-07-27T14:01:34.513Z
404 Error: http://localhost:3000/sign-up - 2024-07-27T14:01:41.164Z
404 Error: http://localhost:3000/sign-up - 2024-07-27T14:01:41.165Z
404 Error: http://localhost:3000/register - 2024-07-27T14:02:20.750Z
404 Error: http://localhost:3000/register - 2024-07-27T14:02:20.751Z
404 Error: http://localhost:3000/sign-up - 2024-07-27T14:02:21.066Z
404 Error: http://localhost:3000/sign-up - 2024-07-27T14:02:21.076Z
404 Error: http://localhost:3000/listings/113 - 2024-07-27T22:53:00.918Z
404 Error: http://localhost:3000/listings/113 - 2024-07-27T22:53:00.920Z
404 Error: http://localhost:3000/listings/113 - 2024-07-27T22:53:17.815Z
404 Error: http://localhost:3000/listings/113 - 2024-07-27T22:53:17.816Z
404 Error: http://localhost:3000/listings/portal/113 - 2024-07-27T22:53:28.129Z
404 Error: http://localhost:3000/listings/portal/113 - 2024-07-27T22:53:28.129Z
404 Error: http://localhost:3000/listings/portal/113 - 2024-07-27T22:53:55.109Z
404 Error: http://localhost:3000/listings/portal/113 - 2024-07-27T22:53:55.111Z
404 Error: http://localhost:3000/portal - 2024-07-30T16:05:56.706Z
404 Error: http://localhost:3000/portal - 2024-07-30T16:05:56.707Z
404 Error: http://localhost:3000/dashboard - 2024-08-10T18:18:49.023Z
404 Error: http://localhost:3000/dashboard - 2024-08-10T18:18:49.025Z
404 Error: http://localhost:3000/portal - 2024-08-10T18:19:05.757Z
404 Error: http://localhost:3000/portal - 2024-08-10T18:19:05.772Z
